>Example Character A, Example  CharActer B and Example Character C exit left.
#^^^^^^^^^^^^^^^^^^^ text.skitscript variable.other.skitscript
#                   ^ text.skitscript punctuation.comma.skitscript
#                    ^ text.skitscript
#                     ^^^^^^^^^^^^^^^^^^^^ text.skitscript variable.other.skitscript
#                                         ^ text.skitscript
#                                          ^^^ text.skitscript keyword.operator.and
#                                             ^ text.skitscript
#                                              ^^^^^^^^^^^^^^^^^^^ text.skitscript variable.other.skitscript
#                                                                 ^ text.skitscript
#                                                                  ^^^^ text.skitscript keyword.other.exit
#                                                                      ^ text.skitscript
#                                                                       ^^^^ text.skitscript variable.other.skitscript
#                                                                           ^^ text.skitscript keyword.operator.period.skitscript
>
>exAMple CHARacter B:
#^^^^^^^^^^^^^^^^^^^ text.skitscript variable.other.skitscript
#                   ^ text.skitscript keyword.operator.colon.skitscript
>