>Location Example Every Background.
#^^^^^^^^ text.skitscript keyword.other.location
#        ^ text.skitscript
#         ^^^^^^^^^^^^^^^^^^^^^^^^ text.skitscript variable.other.skitscript
#                                 ^^ text.skitscript keyword.operator.period.skitscript
>