>Location: Example When Background.
#^^^^^^^^ text.skitscript keyword.other.location
#        ^ text.skitscript keyword.operator.colon.skitscript
#         ^ text.skitscript
#          ^^^^^^^ text.skitscript variable.other.skitscript
#                 ^ text.skitscript
#                  ^^^^ text.skitscript keyword.control.when
#                      ^ text.skitscript
#                       ^^^^^^^^^^ text.skitscript variable.other.skitscript
#                                 ^^ text.skitscript keyword.operator.period.skitscript
>