>Example Character is Example  EmoTe.
#^^^^^^^^^^^^^^^^^ text.skitscript variable.other.skitscript
#                 ^^^^ text.skitscript
#                     ^^^^^^^^^^^^^^ text.skitscript variable.other.skitscript
#                                   ^^ text.skitscript keyword.operator.period.skitscript
>
>Example Character exits left, exAMple EMOte.
#^^^^^^^^^^^^^^^^^ text.skitscript variable.other.skitscript
#                 ^ text.skitscript
#                  ^^^^^ text.skitscript keyword.other.exits
#                       ^ text.skitscript
#                        ^^^^ text.skitscript variable.other.skitscript
#                            ^ text.skitscript punctuation.comma.skitscript
#                             ^ text.skitscript
#                              ^^^^^^^^^^^^^ text.skitscript variable.other.skitscript
#                                           ^^ text.skitscript keyword.operator.period.skitscript
>