>Example  CharActer B exits left.
#^^^^^^^^^^^^^^^^^^^^ text.skitscript variable.other.skitscript
#                    ^ text.skitscript
#                     ^^^^^ text.skitscript keyword.other.exits
#                          ^ text.skitscript
#                           ^^^^ text.skitscript variable.other.skitscript
#                               ^^ text.skitscript keyword.operator.period.skitscript
>
>Example Character A, exAMple CHARacter B and Example Character C exit left.
#^^^^^^^^^^^^^^^^^^^ text.skitscript variable.other.skitscript
#                   ^ text.skitscript punctuation.comma.skitscript
#                    ^ text.skitscript
#                     ^^^^^^^^^^^^^^^^^^^ text.skitscript variable.other.skitscript
#                                        ^ text.skitscript
#                                         ^^^ text.skitscript keyword.operator.and
#                                            ^ text.skitscript
#                                             ^^^^^^^^^^^^^^^^^^^ text.skitscript variable.other.skitscript
#                                                                ^ text.skitscript
#                                                                 ^^^^ text.skitscript keyword.other.exit
#                                                                     ^ text.skitscript
#                                                                      ^^^^ text.skitscript variable.other.skitscript
#                                                                          ^^ text.skitscript keyword.operator.period.skitscript
>