>~ -------- ~
#^ text.skitscript keyword.operator.tilde.skitscript
# ^^^^^^^^^^ text.skitscript
#           ^ text.skitscript keyword.operator.tilde.skitscript
>