>~ Example Label Name ~
#^ text.skitscript keyword.operator.tilde.skitscript
# ^ text.skitscript
#  ^^^^^^^^^^^^^^^^^^ text.skitscript variable.other.skitscript
#                    ^ text.skitscript
#                     ^ text.skitscript keyword.operator.tilde.skitscript
>
>Set Example Flag A, Example Flag B, Example Flag C, example    flAG  b, Example Flag D, EXAMPLE FLAG B and Example Flag E.
#^^^ text.skitscript keyword.other.set
#   ^ text.skitscript
#    ^^^^^^^^^^^^^^ text.skitscript variable.other.skitscript
#                  ^ text.skitscript punctuation.comma.skitscript
#                   ^ text.skitscript
#                    ^^^^^^^^^^^^^^ text.skitscript variable.other.skitscript
#                                  ^ text.skitscript punctuation.comma.skitscript
#                                   ^ text.skitscript
#                                    ^^^^^^^^^^^^^^ text.skitscript variable.other.skitscript
#                                                  ^ text.skitscript punctuation.comma.skitscript
#                                                   ^ text.skitscript
#                                                    ^^^^^^^^^^^^^^^^^^ text.skitscript variable.other.skitscript
#                                                                      ^ text.skitscript punctuation.comma.skitscript
#                                                                       ^ text.skitscript
#                                                                        ^^^^^^^^^^^^^^ text.skitscript variable.other.skitscript
#                                                                                      ^ text.skitscript punctuation.comma.skitscript
#                                                                                       ^ text.skitscript
#                                                                                        ^^^^^^^^^^^^^^ text.skitscript variable.other.skitscript
#                                                                                                      ^ text.skitscript
#                                                                                                       ^^^ text.skitscript keyword.operator.and
#                                                                                                          ^ text.skitscript
#                                                                                                           ^^^^^^^^^^^^^^ text.skitscript variable.other.skitscript
#                                                                                                                         ^^ text.skitscript keyword.operator.period.skitscript
>
>Jump to Example Label Name when Example Flag A, Example Flag B, Example Flag C, Example Flag D or Example Flag E.
#^^^^ text.skitscript keyword.control.jump
#    ^ text.skitscript
#     ^^ text.skitscript keyword.control.to
#       ^ text.skitscript
#        ^^^^^^^^^^^^^^^^^^ text.skitscript variable.other.skitscript
#                          ^ text.skitscript
#                           ^^^^ text.skitscript keyword.control.when
#                               ^ text.skitscript
#                                ^^^^^^^^^^^^^^ text.skitscript variable.other.skitscript
#                                              ^ text.skitscript punctuation.comma.skitscript
#                                               ^ text.skitscript
#                                                ^^^^^^^^^^^^^^ text.skitscript variable.other.skitscript
#                                                              ^ text.skitscript punctuation.comma.skitscript
#                                                               ^ text.skitscript
#                                                                ^^^^^^^^^^^^^^ text.skitscript variable.other.skitscript
#                                                                              ^ text.skitscript punctuation.comma.skitscript
#                                                                               ^ text.skitscript
#                                                                                ^^^^^^^^^^^^^^ text.skitscript variable.other.skitscript
#                                                                                              ^ text.skitscript
#                                                                                               ^^ text.skitscript keyword.operator.or
#                                                                                                 ^ text.skitscript
#                                                                                                  ^^^^^^^^^^^^^^ text.skitscript variable.other.skitscript
#                                                                                                                ^^ text.skitscript keyword.operator.period.skitscript
>