>Jump to Example Label Name when , Example Flag A, Example Flag B and Example Flag C.
#^^^^ text.skitscript keyword.control.jump
#    ^ text.skitscript
#     ^^ text.skitscript keyword.control.to
#       ^ text.skitscript
#        ^^^^^^^^^^^^^^^^^^ text.skitscript variable.other.skitscript
#                          ^ text.skitscript
#                           ^^^^ text.skitscript keyword.control.when
#                               ^ text.skitscript
#                                ^ text.skitscript punctuation.comma.skitscript
#                                 ^ text.skitscript
#                                  ^^^^^^^^^^^^^^ text.skitscript variable.other.skitscript
#                                                ^ text.skitscript punctuation.comma.skitscript
#                                                 ^ text.skitscript
#                                                  ^^^^^^^^^^^^^^ text.skitscript variable.other.skitscript
#                                                                ^ text.skitscript
#                                                                 ^^^ text.skitscript keyword.operator.and
#                                                                    ^ text.skitscript
#                                                                     ^^^^^^^^^^^^^^ text.skitscript variable.other.skitscript
#                                                                                   ^^ text.skitscript keyword.operator.period.skitscript
>